Archive member included to satisfy reference by file (symbol)

c:/st/stm32cubeide_1.6.1/stm32cubeide/plugins/com.st.stm32cube.ide.mcu.externaltools.gnu-tools-for-stm32.9-2020-q2-update.win32_1.5.0.202011040924/tools/bin/../lib/gcc/arm-none-eabi/9.3.1/../../../../arm-none-eabi/lib/thumb/v7e-m+fp/hard\libc_nano.a(lib_a-errno.o)
                              Core/Src/syscalls.o (__errno)
c:/st/stm32cubeide_1.6.1/stm32cubeide/plugins/com.st.stm32cube.ide.mcu.externaltools.gnu-tools-for-stm32.9-2020-q2-update.win32_1.5.0.202011040924/tools/bin/../lib/gcc/arm-none-eabi/9.3.1/../../../../arm-none-eabi/lib/thumb/v7e-m+fp/hard\libc_nano.a(lib_a-exit.o)
                              c:/st/stm32cubeide_1.6.1/stm32cubeide/plugins/com.st.stm32cube.ide.mcu.externaltools.gnu-tools-for-stm32.9-2020-q2-update.win32_1.5.0.202011040924/tools/bin/../lib/gcc/arm-none-eabi/9.3.1/../../../../arm-none-eabi/lib/thumb/v7e-m+fp/hard/crt0.o (exit)
c:/st/stm32cubeide_1.6.1/stm32cubeide/plugins/com.st.stm32cube.ide.mcu.externaltools.gnu-tools-for-stm32.9-2020-q2-update.win32_1.5.0.202011040924/tools/bin/../lib/gcc/arm-none-eabi/9.3.1/../../../../arm-none-eabi/lib/thumb/v7e-m+fp/hard\libc_nano.a(lib_a-impure.o)
                              c:/st/stm32cubeide_1.6.1/stm32cubeide/plugins/com.st.stm32cube.ide.mcu.externaltools.gnu-tools-for-stm32.9-2020-q2-update.win32_1.5.0.202011040924/tools/bin/../lib/gcc/arm-none-eabi/9.3.1/../../../../arm-none-eabi/lib/thumb/v7e-m+fp/hard\libc_nano.a(lib_a-exit.o) (_global_impure_ptr)
c:/st/stm32cubeide_1.6.1/stm32cubeide/plugins/com.st.stm32cube.ide.mcu.externaltools.gnu-tools-for-stm32.9-2020-q2-update.win32_1.5.0.202011040924/tools/bin/../lib/gcc/arm-none-eabi/9.3.1/../../../../arm-none-eabi/lib/thumb/v7e-m+fp/hard\libc_nano.a(lib_a-init.o)
                              c:/st/stm32cubeide_1.6.1/stm32cubeide/plugins/com.st.stm32cube.ide.mcu.externaltools.gnu-tools-for-stm32.9-2020-q2-update.win32_1.5.0.202011040924/tools/bin/../lib/gcc/arm-none-eabi/9.3.1/../../../../arm-none-eabi/lib/thumb/v7e-m+fp/hard/crt0.o (__libc_init_array)
c:/st/stm32cubeide_1.6.1/stm32cubeide/plugins/com.st.stm32cube.ide.mcu.externaltools.gnu-tools-for-stm32.9-2020-q2-update.win32_1.5.0.202011040924/tools/bin/../lib/gcc/arm-none-eabi/9.3.1/../../../../arm-none-eabi/lib/thumb/v7e-m+fp/hard\libc_nano.a(lib_a-memset.o)
                              c:/st/stm32cubeide_1.6.1/stm32cubeide/plugins/com.st.stm32cube.ide.mcu.externaltools.gnu-tools-for-stm32.9-2020-q2-update.win32_1.5.0.202011040924/tools/bin/../lib/gcc/arm-none-eabi/9.3.1/../../../../arm-none-eabi/lib/thumb/v7e-m+fp/hard/crt0.o (memset)
c:/st/stm32cubeide_1.6.1/stm32cubeide/plugins/com.st.stm32cube.ide.mcu.externaltools.gnu-tools-for-stm32.9-2020-q2-update.win32_1.5.0.202011040924/tools/bin/../lib/gcc/arm-none-eabi/9.3.1/thumb/v7e-m+fp/hard\libgcc.a(_aeabi_uldivmod.o)
                              Drivers/STM32F4xx_HAL_Driver/Src/stm32f4xx_hal_rcc.o (__aeabi_uldivmod)
c:/st/stm32cubeide_1.6.1/stm32cubeide/plugins/com.st.stm32cube.ide.mcu.externaltools.gnu-tools-for-stm32.9-2020-q2-update.win32_1.5.0.202011040924/tools/bin/../lib/gcc/arm-none-eabi/9.3.1/thumb/v7e-m+fp/hard\libgcc.a(_udivmoddi4.o)
                              c:/st/stm32cubeide_1.6.1/stm32cubeide/plugins/com.st.stm32cube.ide.mcu.externaltools.gnu-tools-for-stm32.9-2020-q2-update.win32_1.5.0.202011040924/tools/bin/../lib/gcc/arm-none-eabi/9.3.1/thumb/v7e-m+fp/hard\libgcc.a(_aeabi_uldivmod.o) (__udivmoddi4)
c:/st/stm32cubeide_1.6.1/stm32cubeide/plugins/com.st.stm32cube.ide.mcu.externaltools.gnu-tools-for-stm32.9-2020-q2-update.win32_1.5.0.202011040924/tools/bin/../lib/gcc/arm-none-eabi/9.3.1/thumb/v7e-m+fp/hard\libgcc.a(_dvmd_tls.o)
                              c:/st/stm32cubeide_1.6.1/stm32cubeide/plugins/com.st.stm32cube.ide.mcu.externaltools.gnu-tools-for-stm32.9-2020-q2-update.win32_1.5.0.202011040924/tools/bin/../lib/gcc/arm-none-eabi/9.3.1/thumb/v7e-m+fp/hard\libgcc.a(_aeabi_uldivmod.o) (__aeabi_ldiv0)

Allocating common symbols
Common symbol       size              file

uwTick              0x4               Drivers/STM32F4xx_HAL_Driver/Src/stm32f4xx_hal.o
pFlash              0x20              Drivers/STM32F4xx_HAL_Driver/Src/stm32f4xx_hal_flash.o
tx_buf              0x8               Core/Src/main.o
huart2              0x44              Core/Src/main.o

Discarded input sections

 .text          0x0000000000000000        0x0 c:/st/stm32cubeide_1.6.1/stm32cubeide/plugins/com.st.stm32cube.ide.mcu.externaltools.gnu-tools-for-stm32.9-2020-q2-update.win32_1.5.0.202011040924/tools/bin/../lib/gcc/arm-none-eabi/9.3.1/thumb/v7e-m+fp/hard/crti.o
 .data          0x0000000000000000        0x0 c:/st/stm32cubeide_1.6.1/stm32cubeide/plugins/com.st.stm32cube.ide.mcu.externaltools.gnu-tools-for-stm32.9-2020-q2-update.win32_1.5.0.202011040924/tools/bin/../lib/gcc/arm-none-eabi/9.3.1/thumb/v7e-m+fp/hard/crti.o
[...]
Memory Configuration

Name             Origin             Length             Attributes
RAM              0x0000000020000000 0x0000000000020000 xrw
FLASH            0x0000000008000000 0x0000000000020000 xr
*default*        0x0000000000000000 0xffffffffffffffff

Linker script and memory map

LOAD c:/st/stm32cubeide_1.6.1/stm32cubeide/plugins/com.st.stm32cube.ide.mcu.externaltools.gnu-tools-for-stm32.9-2020-q2-update.win32_1.5.0.202011040924/tools/bin/../lib/gcc/arm-none-eabi/9.3.1/thumb/v7e-m+fp/hard/crti.o
LOAD c:/st/stm32cubeide_1.6.1/stm32cubeide/plugins/com.st.stm32cube.ide.mcu.externaltools.gnu-tools-for-stm32.9-2020-q2-update.win32_1.5.0.202011040924/tools/bin/../lib/gcc/arm-none-eabi/9.3.1/thumb/v7e-m+fp/hard/crtbegin.o
LOAD c:/st/stm32cubeide_1.6.1/stm32cubeide/plugins/com.st.stm32cube.ide.mcu.externaltools.gnu-tools-for-stm32.9-2020-q2-update.win32_1.5.0.202011040924/tools/bin/../lib/gcc/arm-none-eabi/9.3.1/../../../../arm-none-eabi/lib/thumb/v7e-m+fp/hard/crt0.o
LOAD Core/Src/SIGMA_IO_Control.o
LOAD Core/Src/SIGMA_flash.o
LOAD Core/Src/SIGMA_uds.o
LOAD Core/Src/main.o
LOAD Core/Src/stm32f4xx_hal_msp.o
LOAD Core/Src/stm32f4xx_it.o
LOAD Core/Src/syscalls.o
LOAD Core/Src/sysmem.o
LOAD Core/Src/system_stm32f4xx.o
LOAD Core/Startup/startup_stm32f411retx.o
LOAD Drivers/STM32F4xx_HAL_Driver/Src/stm32f4xx_hal.o
LOAD Drivers/STM32F4xx_HAL_Driver/Src/stm32f4xx_hal_cortex.o
LOAD Drivers/STM32F4xx_HAL_Driver/Src/stm32f4xx_hal_dma.o
LOAD Drivers/STM32F4xx_HAL_Driver/Src/stm32f4xx_hal_dma_ex.o
LOAD Drivers/STM32F4xx_HAL_Driver/Src/stm32f4xx_hal_exti.o
LOAD Drivers/STM32F4xx_HAL_Driver/Src/stm32f4xx_hal_flash.o
LOAD Drivers/STM32F4xx_HAL_Driver/Src/stm32f4xx_hal_flash_ex.o
LOAD Drivers/STM32F4xx_HAL_Driver/Src/stm32f4xx_hal_flash_ramfunc.o
LOAD Drivers/STM32F4xx_HAL_Driver/Src/stm32f4xx_hal_gpio.o
LOAD Drivers/STM32F4xx_HAL_Driver/Src/stm32f4xx_hal_pwr.o
LOAD Drivers/STM32F4xx_HAL_Driver/Src/stm32f4xx_hal_pwr_ex.o
LOAD Drivers/STM32F4xx_HAL_Driver/Src/stm32f4xx_hal_rcc.o
LOAD Drivers/STM32F4xx_HAL_Driver/Src/stm32f4xx_hal_rcc_ex.o
LOAD Drivers/STM32F4xx_HAL_Driver/Src/stm32f4xx_hal_tim.o
LOAD Drivers/STM32F4xx_HAL_Driver/Src/stm32f4xx_hal_tim_ex.o
LOAD Drivers/STM32F4xx_HAL_Driver/Src/stm32f4xx_hal_uart.o
START GROUP
LOAD c:/st/stm32cubeide_1.6.1/stm32cubeide/plugins/com.st.stm32cube.ide.mcu.externaltools.gnu-tools-for-stm32.9-2020-q2-update.win32_1.5.0.202011040924/tools/bin/../lib/gcc/arm-none-eabi/9.3.1/../../../../arm-none-eabi/lib/thumb/v7e-m+fp/hard\libc_nano.a
LOAD c:/st/stm32cubeide_1.6.1/stm32cubeide/plugins/com.st.stm32cube.ide.mcu.externaltools.gnu-tools-for-stm32.9-2020-q2-update.win32_1.5.0.202011040924/tools/bin/../lib/gcc/arm-none-eabi/9.3.1/../../../../arm-none-eabi/lib/thumb/v7e-m+fp/hard\libm.a
END GROUP
START GROUP
LOAD c:/st/stm32cubeide_1.6.1/stm32cubeide/plugins/com.st.stm32cube.ide.mcu.externaltools.gnu-tools-for-stm32.9-2020-q2-update.win32_1.5.0.202011040924/tools/bin/../lib/gcc/arm-none-eabi/9.3.1/thumb/v7e-m+fp/hard\libgcc.a
LOAD c:/st/stm32cubeide_1.6.1/stm32cubeide/plugins/com.st.stm32cube.ide.mcu.externaltools.gnu-tools-for-stm32.9-2020-q2-update.win32_1.5.0.202011040924/tools/bin/../lib/gcc/arm-none-eabi/9.3.1/../../../../arm-none-eabi/lib/thumb/v7e-m+fp/hard\libc_nano.a
END GROUP
START GROUP
LOAD c:/st/stm32cubeide_1.6.1/stm32cubeide/plugins/com.st.stm32cube.ide.mcu.externaltools.gnu-tools-for-stm32.9-2020-q2-update.win32_1.5.0.202011040924/tools/bin/../lib/gcc/arm-none-eabi/9.3.1/thumb/v7e-m+fp/hard\libgcc.a
LOAD c:/st/stm32cubeide_1.6.1/stm32cubeide/plugins/com.st.stm32cube.ide.mcu.externaltools.gnu-tools-for-stm32.9-2020-q2-update.win32_1.5.0.202011040924/tools/bin/../lib/gcc/arm-none-eabi/9.3.1/../../../../arm-none-eabi/lib/thumb/v7e-m+fp/hard\libc_nano.a
LOAD c:/st/stm32cubeide_1.6.1/stm32cubeide/plugins/com.st.stm32cube.ide.mcu.externaltools.gnu-tools-for-stm32.9-2020-q2-update.win32_1.5.0.202011040924/tools/bin/../lib/gcc/arm-none-eabi/9.3.1/../../../../arm-none-eabi/lib/thumb/v7e-m+fp/hard\libnosys.a
END GROUP
START GROUP
LOAD c:/st/stm32cubeide_1.6.1/stm32cubeide/plugins/com.st.stm32cube.ide.mcu.externaltools.gnu-tools-for-stm32.9-2020-q2-update.win32_1.5.0.202011040924/tools/bin/../lib/gcc/arm-none-eabi/9.3.1/thumb/v7e-m+fp/hard\libgcc.a
LOAD c:/st/stm32cubeide_1.6.1/stm32cubeide/plugins/com.st.stm32cube.ide.mcu.externaltools.gnu-tools-for-stm32.9-2020-q2-update.win32_1.5.0.202011040924/tools/bin/../lib/gcc/arm-none-eabi/9.3.1/../../../../arm-none-eabi/lib/thumb/v7e-m+fp/hard\libc_nano.a
LOAD c:/st/stm32cubeide_1.6.1/stm32cubeide/plugins/com.st.stm32cube.ide.mcu.externaltools.gnu-tools-for-stm32.9-2020-q2-update.win32_1.5.0.202011040924/tools/bin/../lib/gcc/arm-none-eabi/9.3.1/../../../../arm-none-eabi/lib/thumb/v7e-m+fp/hard\libnosys.a
END GROUP
LOAD c:/st/stm32cubeide_1.6.1/stm32cubeide/plugins/com.st.stm32cube.ide.mcu.externaltools.gnu-tools-for-stm32.9-2020-q2-update.win32_1.5.0.202011040924/tools/bin/../lib/gcc/arm-none-eabi/9.3.1/thumb/v7e-m+fp/hard/crtend.o
LOAD c:/st/stm32cubeide_1.6.1/stm32cubeide/plugins/com.st.stm32cube.ide.mcu.externaltools.gnu-tools-for-stm32.9-2020-q2-update.win32_1.5.0.202011040924/tools/bin/../lib/gcc/arm-none-eabi/9.3.1/thumb/v7e-m+fp/hard/crtn.o
                0x0000000020020000                _estack = (ORIGIN (RAM) + LENGTH (RAM))
                0x0000000000000200                _Min_Heap_Size = 0x200
                0x0000000000000400                _Min_Stack_Size = 0x400

.isr_vector     0x0000000008000000      0x198
                0x0000000008000000                . = ALIGN (0x4)
 *(.isr_vector)
 .isr_vector    0x0000000008000000      0x198 Core/Startup/startup_stm32f411retx.o
                0x0000000008000000                g_pfnVectors
                0x0000000008000198                . = ALIGN (0x4)

.text           0x0000000008000198     0x3e6c
                0x0000000008000198                . = ALIGN (0x4)
 *(.text)
 .text          0x0000000008000198       0x40 c:/st/stm32cubeide_1.6.1/stm32cubeide/plugins/com.st.stm32cube.ide.mcu.externaltools.gnu-tools-for-stm32.9-2020-q2-update.win32_1.5.0.202011040924/tools/bin/../lib/gcc/arm-none-eabi/9.3.1/thumb/v7e-m+fp/hard/crtbegin.o
 .text          0x00000000080001d8       0x30 c:/st/stm32cubeide_1.6.1/stm32cubeide/plugins/com.st.stm32cube.ide.mcu.externaltools.gnu-tools-for-stm32.9-2020-q2-update.win32_1.5.0.202011040924/tools/bin/../lib/gcc/arm-none-eabi/9.3.1/thumb/v7e-m+fp/hard\libgcc.a(_aeabi_uldivmod.o)
                0x00000000080001d8                __aeabi_uldivmod
 .text          0x0000000008000208      0x2c4 c:/st/stm32cubeide_1.6.1/stm32cubeide/plugins/com.st.stm32cube.ide.mcu.externaltools.gnu-tools-for-stm32.9-2020-q2-update.win32_1.5.0.202011040924/tools/bin/../lib/gcc/arm-none-eabi/9.3.1/thumb/v7e-m+fp/hard\libgcc.a(_udivmoddi4.o)
                0x0000000008000208                __udivmoddi4
 .text          0x00000000080004cc        0x4 c:/st/stm32cubeide_1.6.1/stm32cubeide/plugins/com.st.stm32cube.ide.mcu.externaltools.gnu-tools-for-stm32.9-2020-q2-update.win32_1.5.0.202011040924/tools/bin/../lib/gcc/arm-none-eabi/9.3.1/thumb/v7e-m+fp/hard\libgcc.a(_dvmd_tls.o)
                0x00000000080004cc                __aeabi_idiv0
                0x00000000080004cc                __aeabi_ldiv0
 *(.text*)
 .text._LED_ReadCurrent
                0x00000000080004d0       0x18 Core/Src/SIGMA_IO_Control.o
 .text._Buzzer_ReadCurrent
                0x00000000080004e8       0x38 Core/Src/SIGMA_IO_Control.o
 .text._Fan_ReadCurrent
                0x0000000008000520       0x38 Core/Src/SIGMA_IO_Control.o
 .text._Relay_ReadCurrent
                0x0000000008000558       0x18 Core/Src/SIGMA_IO_Control.o
 .text._Buzzer_SetDuty
                0x0000000008000570       0x40 Core/Src/SIGMA_IO_Control.o
 .text._Fan_SetDuty
                0x00000000080005b0       0x40 Core/Src/SIGMA_IO_Control.o
 .text.SIGMA_IOControl
                0x00000000080005f0      0x3cc Core/Src/SIGMA_IO_Control.o
                0x00000000080005f0                SIGMA_IOControl
 .text.SIGMA_IOControl_Tick
                0x00000000080009bc       0xbc Core/Src/SIGMA_IO_Control.o
                0x00000000080009bc                SIGMA_IOControl_Tick
 .text.SIGMA_Flash_GetSector
                0x0000000008000a78       0x88 Core/Src/SIGMA_flash.o
 .text.SIGMA_Flash_Erase
                0x0000000008000b00       0x62 Core/Src/SIGMA_flash.o
                0x0000000008000b00                SIGMA_Flash_Erase
 *fill*         0x0000000008000b62        0x2 
 .text.__NVIC_SystemReset
                0x0000000008000b64       0x2c Core/Src/SIGMA_uds.o
 .text.SIGMA_UART_Send
                0x0000000008000b90       0x28 Core/Src/SIGMA_uds.o
                0x0000000008000b90                SIGMA_UART_Send
 .text.SIGMA_UDS_Process
                0x0000000008000bb8      0x230 Core/Src/SIGMA_uds.o
                0x0000000008000bb8                SIGMA_UDS_Process
 .text.SIGMA_DiagSession
                0x0000000008000de8      0x13c Core/Src/SIGMA_uds.o
                0x0000000008000de8                SIGMA_DiagSession
 .text.SIGMA_ECUReset
                0x0000000008000f24      0x12c Core/Src/SIGMA_uds.o
                0x0000000008000f24                SIGMA_ECUReset
 .text.SIGMA_SecurityAccess
                0x0000000008001050      0x250 Core/Src/SIGMA_uds.o
                0x0000000008001050                SIGMA_SecurityAccess
 .text.SIGMA_READ_DID
                0x00000000080012a0      0x204 Core/Src/SIGMA_uds.o
                0x00000000080012a0                SIGMA_READ_DID
 .text.SIGMA_RoutineControl
                0x00000000080014a4      0x1a8 Core/Src/SIGMA_uds.o
                0x00000000080014a4                SIGMA_RoutineControl
 .text.main     0x000000000800164c       0x54 Core/Src/main.o
                0x000000000800164c                main
 .text.SystemClock_Config
                0x00000000080016a0       0xd0 Core/Src/main.o
                0x00000000080016a0                SystemClock_Config
 .text.MX_USART2_UART_Init
                0x0000000008001770       0x54 Core/Src/main.o
 .text.MX_GPIO_Init
                0x00000000080017c4       0xec Core/Src/main.o
 .text.HAL_UART_RxCpltCallback
                0x00000000080018b0       0x3c Core/Src/main.o
                0x00000000080018b0                HAL_UART_RxCpltCallback
 .text.HAL_GPIO_EXTI_Callback
                0x00000000080018ec       0x40 Core/Src/main.o
                0x00000000080018ec                HAL_GPIO_EXTI_Callback
 .text.Error_Handler
                0x000000000800192c        0xa Core/Src/main.o
                0x000000000800192c                Error_Handler
 *fill*         0x0000000008001936        0x2 
 .text.HAL_MspInit
                0x0000000008001938       0x50 Core/Src/stm32f4xx_hal_msp.o
                0x0000000008001938                HAL_MspInit
 .text.HAL_UART_MspInit
                0x0000000008001988       0xa0 Core/Src/stm32f4xx_hal_msp.o
                0x0000000008001988                HAL_UART_MspInit
 .text.NMI_Handler
                0x0000000008001a28        0x6 Core/Src/stm32f4xx_it.o
                0x0000000008001a28                NMI_Handler
 .text.HardFault_Handler
                0x0000000008001a2e        0x6 Core/Src/stm32f4xx_it.o
                0x0000000008001a2e                HardFault_Handler
 .text.MemManage_Handler
                0x0000000008001a34        0x6 Core/Src/stm32f4xx_it.o
                0x0000000008001a34                MemManage_Handler
 .text.BusFault_Handler
                0x0000000008001a3a        0x6 Core/Src/stm32f4xx_it.o
                0x0000000008001a3a                BusFault_Handler
 .text.UsageFault_Handler
                0x0000000008001a40        0x6 Core/Src/stm32f4xx_it.o
                0x0000000008001a40                UsageFault_Handler
 .text.SVC_Handler
                0x0000000008001a46        0xe Core/Src/stm32f4xx_it.o
                0x0000000008001a46                SVC_Handler
 .text.DebugMon_Handler
                0x0000000008001a54        0xe Core/Src/stm32f4xx_it.o
                0x0000000008001a54                DebugMon_Handler
 .text.PendSV_Handler
                0x0000000008001a62        0xe Core/Src/stm32f4xx_it.o
                0x0000000008001a62                PendSV_Handler
 .text.SysTick_Handler
                0x0000000008001a70        0xc Core/Src/stm32f4xx_it.o
                0x0000000008001a70                SysTick_Handler
 .text.USART2_IRQHandler
                0x0000000008001a7c       0x14 Core/Src/stm32f4xx_it.o
                0x0000000008001a7c                USART2_IRQHandler
 .text.EXTI15_10_IRQHandler
                0x0000000008001a90       0x10 Core/Src/stm32f4xx_it.o
                0x0000000008001a90                EXTI15_10_IRQHandler
 .text.SystemInit
                0x0000000008001aa0       0x24 Core/Src/system_stm32f4xx.o
                0x0000000008001aa0                SystemInit
 .text.Reset_Handler
                0x0000000008001ac4       0x50 Core/Startup/startup_stm32f411retx.o
                0x0000000008001ac4                Reset_Handler
 .text.Default_Handler
                0x0000000008001b14        0x2 Core/Startup/startup_stm32f411retx.o
                0x0000000008001b14                RTC_Alarm_IRQHandler
                0x0000000008001b14                EXTI2_IRQHandler
                0x0000000008001b14                SPI4_IRQHandler
                0x0000000008001b14                TIM1_CC_IRQHandler
                0x0000000008001b14                DMA2_Stream5_IRQHandler
                0x0000000008001b14                DMA1_Stream5_IRQHandler
                0x0000000008001b14                PVD_IRQHandler
                0x0000000008001b14                SDIO_IRQHandler
                0x0000000008001b14                TAMP_STAMP_IRQHandler
                0x0000000008001b14                EXTI3_IRQHandler
                0x0000000008001b14                TIM1_UP_TIM10_IRQHandler
                0x0000000008001b14                I2C3_ER_IRQHandler
                0x0000000008001b14                EXTI0_IRQHandler
                0x0000000008001b14                I2C2_EV_IRQHandler
                0x0000000008001b14                DMA1_Stream2_IRQHandler
                0x0000000008001b14                FPU_IRQHandler
                0x0000000008001b14                DMA2_Stream2_IRQHandler
                0x0000000008001b14                SPI1_IRQHandler
                0x0000000008001b14                TIM1_BRK_TIM9_IRQHandler
                0x0000000008001b14                DMA2_Stream3_IRQHandler
                0x0000000008001b14                USART6_IRQHandler
                0x0000000008001b14                DMA2_Stream0_IRQHandler
                0x0000000008001b14                TIM4_IRQHandler
                0x0000000008001b14                I2C1_EV_IRQHandler
                0x0000000008001b14                DMA1_Stream6_IRQHandler
                0x0000000008001b14                DMA1_Stream1_IRQHandler
                0x0000000008001b14                TIM3_IRQHandler
                0x0000000008001b14                RCC_IRQHandler
                0x0000000008001b14                Default_Handler
                0x0000000008001b14                ADC_IRQHandler
                0x0000000008001b14                DMA1_Stream7_IRQHandler
                0x0000000008001b14                SPI5_IRQHandler
                0x0000000008001b14                TIM5_IRQHandler
                0x0000000008001b14                DMA2_Stream7_IRQHandler
                0x0000000008001b14                I2C3_EV_IRQHandler
                0x0000000008001b14                EXTI9_5_IRQHandler
                0x0000000008001b14                RTC_WKUP_IRQHandler
                0x0000000008001b14                SPI2_IRQHandler
                0x0000000008001b14                DMA1_Stream0_IRQHandler
                0x0000000008001b14                EXTI4_IRQHandler
                0x0000000008001b14                WWDG_IRQHandler
                0x0000000008001b14                TIM2_IRQHandler
                0x0000000008001b14                OTG_FS_WKUP_IRQHandler
                0x0000000008001b14                TIM1_TRG_COM_TIM11_IRQHandler
                0x0000000008001b14                EXTI1_IRQHandler
                0x0000000008001b14                I2C2_ER_IRQHandler
                0x0000000008001b14                DMA2_Stream1_IRQHandler
                0x0000000008001b14                FLASH_IRQHandler
                0x0000000008001b14                DMA2_Stream4_IRQHandler
                0x0000000008001b14                USART1_IRQHandler
                0x0000000008001b14                OTG_FS_IRQHandler
                0x0000000008001b14                SPI3_IRQHandler
                0x0000000008001b14                DMA1_Stream4_IRQHandler
                0x0000000008001b14                I2C1_ER_IRQHandler
                0x0000000008001b14                DMA2_Stream6_IRQHandler
                0x0000000008001b14                DMA1_Stream3_IRQHandler
 *fill*         0x0000000008001b16        0x2 
 .text.HAL_Init
                0x0000000008001b18       0x44 Drivers/STM32F4xx_HAL_Driver/Src/stm32f4xx_hal.o
                0x0000000008001b18                HAL_Init
 .text.HAL_InitTick
                0x0000000008001b5c       0x60 Drivers/STM32F4xx_HAL_Driver/Src/stm32f4xx_hal.o
                0x0000000008001b5c                HAL_InitTick
 .text.HAL_IncTick
                0x0000000008001bbc       0x28 Drivers/STM32F4xx_HAL_Driver/Src/stm32f4xx_hal.o
                0x0000000008001bbc                HAL_IncTick
 .text.HAL_GetTick
                0x0000000008001be4       0x18 Drivers/STM32F4xx_HAL_Driver/Src/stm32f4xx_hal.o
                0x0000000008001be4                HAL_GetTick
 .text.HAL_Delay
                0x0000000008001bfc       0x48 Drivers/STM32F4xx_HAL_Driver/Src/stm32f4xx_hal.o
                0x0000000008001bfc                HAL_Delay
 .text.__NVIC_SetPriorityGrouping
                0x0000000008001c44       0x48 Drivers/STM32F4xx_HAL_Driver/Src/stm32f4xx_hal_cortex.o
 .text.__NVIC_GetPriorityGrouping
                0x0000000008001c8c       0x1c Drivers/STM32F4xx_HAL_Driver/Src/stm32f4xx_hal_cortex.o
 .text.__NVIC_EnableIRQ
                0x0000000008001ca8       0x3c Drivers/STM32F4xx_HAL_Driver/Src/stm32f4xx_hal_cortex.o
 .text.__NVIC_SetPriority
                0x0000000008001ce4       0x54 Drivers/STM32F4xx_HAL_Driver/Src/stm32f4xx_hal_cortex.o
 .text.NVIC_EncodePriority
                0x0000000008001d38       0x66 Drivers/STM32F4xx_HAL_Driver/Src/stm32f4xx_hal_cortex.o
 *fill*         0x0000000008001d9e        0x2 
 .text.SysTick_Config
                0x0000000008001da0       0x44 Drivers/STM32F4xx_HAL_Driver/Src/stm32f4xx_hal_cortex.o
 .text.HAL_NVIC_SetPriorityGrouping
                0x0000000008001de4       0x16 Drivers/STM32F4xx_HAL_Driver/Src/stm32f4xx_hal_cortex.o
                0x0000000008001de4                HAL_NVIC_SetPriorityGrouping
 .text.HAL_NVIC_SetPriority
                0x0000000008001dfa       0x38 Drivers/STM32F4xx_HAL_Driver/Src/stm32f4xx_hal_cortex.o
                0x0000000008001dfa                HAL_NVIC_SetPriority
 .text.HAL_NVIC_EnableIRQ
                0x0000000008001e32       0x1c Drivers/STM32F4xx_HAL_Driver/Src/stm32f4xx_hal_cortex.o
                0x0000000008001e32                HAL_NVIC_EnableIRQ
 .text.HAL_SYSTICK_Config
                0x0000000008001e4e       0x18 Drivers/STM32F4xx_HAL_Driver/Src/stm32f4xx_hal_cortex.o
                0x0000000008001e4e                HAL_SYSTICK_Config
 .text.HAL_DMA_Abort
                0x0000000008001e66       0xe0 Drivers/STM32F4xx_HAL_Driver/Src/stm32f4xx_hal_dma.o
                0x0000000008001e66                HAL_DMA_Abort
 .text.HAL_DMA_Abort_IT
                0x0000000008001f46       0x44 Drivers/STM32F4xx_HAL_Driver/Src/stm32f4xx_hal_dma.o
                0x0000000008001f46                HAL_DMA_Abort_IT
 *fill*         0x0000000008001f8a        0x2 
 .text.HAL_FLASH_Unlock
                0x0000000008001f8c       0x44 Drivers/STM32F4xx_HAL_Driver/Src/stm32f4xx_hal_flash.o
                0x0000000008001f8c                HAL_FLASH_Unlock
 .text.HAL_FLASH_Lock
                0x0000000008001fd0       0x20 Drivers/STM32F4xx_HAL_Driver/Src/stm32f4xx_hal_flash.o
                0x0000000008001fd0                HAL_FLASH_Lock
 .text.FLASH_WaitForLastOperation
                0x0000000008001ff0       0x80 Drivers/STM32F4xx_HAL_Driver/Src/stm32f4xx_hal_flash.o
                0x0000000008001ff0                FLASH_WaitForLastOperation
 .text.FLASH_SetErrorCode
                0x0000000008002070       0xcc Drivers/STM32F4xx_HAL_Driver/Src/stm32f4xx_hal_flash.o
 .text.HAL_FLASHEx_Erase
                0x000000000800213c       0xe0 Drivers/STM32F4xx_HAL_Driver/Src/stm32f4xx_hal_flash_ex.o
                0x000000000800213c                HAL_FLASHEx_Erase
 .text.FLASH_MassErase
                0x000000000800221c       0x48 Drivers/STM32F4xx_HAL_Driver/Src/stm32f4xx_hal_flash_ex.o
 .text.FLASH_Erase_Sector
                0x0000000008002264       0x90 Drivers/STM32F4xx_HAL_Driver/Src/stm32f4xx_hal_flash_ex.o
                0x0000000008002264                FLASH_Erase_Sector
 .text.FLASH_FlushCaches
                0x00000000080022f4       0x8c Drivers/STM32F4xx_HAL_Driver/Src/stm32f4xx_hal_flash_ex.o
                0x00000000080022f4                FLASH_FlushCaches
 .text.HAL_GPIO_Init
                0x0000000008002380      0x308 Drivers/STM32F4xx_HAL_Driver/Src/stm32f4xx_hal_gpio.o
                0x0000000008002380                HAL_GPIO_Init
 .text.HAL_GPIO_ReadPin
                0x0000000008002688       0x30 Drivers/STM32F4xx_HAL_Driver/Src/stm32f4xx_hal_gpio.o
                0x0000000008002688                HAL_GPIO_ReadPin
 .text.HAL_GPIO_WritePin
                0x00000000080026b8       0x32 Drivers/STM32F4xx_HAL_Driver/Src/stm32f4xx_hal_gpio.o
                0x00000000080026b8                HAL_GPIO_WritePin
 *fill*         0x00000000080026ea        0x2 
 .text.HAL_GPIO_EXTI_IRQHandler
                0x00000000080026ec       0x30 Drivers/STM32F4xx_HAL_Driver/Src/stm32f4xx_hal_gpio.o
                0x00000000080026ec                HAL_GPIO_EXTI_IRQHandler
 .text.HAL_RCC_OscConfig
                0x000000000800271c      0x4f0 Drivers/STM32F4xx_HAL_Driver/Src/stm32f4xx_hal_rcc.o
                0x000000000800271c                HAL_RCC_OscConfig
 .text.HAL_RCC_ClockConfig
                0x0000000008002c0c      0x1cc Drivers/STM32F4xx_HAL_Driver/Src/stm32f4xx_hal_rcc.o
                0x0000000008002c0c                HAL_RCC_ClockConfig
 .text.HAL_RCC_GetSysClockFreq
                0x0000000008002dd8      0x1c4 Drivers/STM32F4xx_HAL_Driver/Src/stm32f4xx_hal_rcc.o
                0x0000000008002dd8                HAL_RCC_GetSysClockFreq
 .text.HAL_RCC_GetHCLKFreq
                0x0000000008002f9c       0x18 Drivers/STM32F4xx_HAL_Driver/Src/stm32f4xx_hal_rcc.o
                0x0000000008002f9c                HAL_RCC_GetHCLKFreq
 .text.HAL_RCC_GetPCLK1Freq
                0x0000000008002fb4       0x28 Drivers/STM32F4xx_HAL_Driver/Src/stm32f4xx_hal_rcc.o
                0x0000000008002fb4                HAL_RCC_GetPCLK1Freq
 .text.HAL_RCC_GetPCLK2Freq
                0x0000000008002fdc       0x28 Drivers/STM32F4xx_HAL_Driver/Src/stm32f4xx_hal_rcc.o
                0x0000000008002fdc                HAL_RCC_GetPCLK2Freq
 .text.HAL_UART_Init
                0x0000000008003004       0x9a Drivers/STM32F4xx_HAL_Driver/Src/stm32f4xx_hal_uart.o
                0x0000000008003004                HAL_UART_Init
 .text.HAL_UART_Transmit
                0x000000000800309e      0x124 Drivers/STM32F4xx_HAL_Driver/Src/stm32f4xx_hal_uart.o
                0x000000000800309e                HAL_UART_Transmit
 .text.HAL_UART_Receive_IT
                0x00000000080031c2       0x60 Drivers/STM32F4xx_HAL_Driver/Src/stm32f4xx_hal_uart.o
                0x00000000080031c2                HAL_UART_Receive_IT
 *fill*         0x0000000008003222        0x2 
 .text.HAL_UART_IRQHandler
                0x0000000008003224      0x51c Drivers/STM32F4xx_HAL_Driver/Src/stm32f4xx_hal_uart.o
                0x0000000008003224                HAL_UART_IRQHandler
 .text.HAL_UART_TxCpltCallback
                0x0000000008003740       0x14 Drivers/STM32F4xx_HAL_Driver/Src/stm32f4xx_hal_uart.o
                0x0000000008003740                HAL_UART_TxCpltCallback
 .text.HAL_UART_ErrorCallback
                0x0000000008003754       0x14 Drivers/STM32F4xx_HAL_Driver/Src/stm32f4xx_hal_uart.o
                0x0000000008003754                HAL_UART_ErrorCallback
 .text.HAL_UARTEx_RxEventCallback
                0x0000000008003768       0x18 Drivers/STM32F4xx_HAL_Driver/Src/stm32f4xx_hal_uart.o
                0x0000000008003768                HAL_UARTEx_RxEventCallback
 .text.UART_WaitOnFlagUntilTimeout
                0x0000000008003780       0xdc Drivers/STM32F4xx_HAL_Driver/Src/stm32f4xx_hal_uart.o
 .text.UART_Start_Receive_IT
                0x000000000800385c       0x74 Drivers/STM32F4xx_HAL_Driver/Src/stm32f4xx_hal_uart.o
                0x000000000800385c                UART_Start_Receive_IT
 .text.UART_EndRxTransfer
                0x00000000080038d0       0xc6 Drivers/STM32F4xx_HAL_Driver/Src/stm32f4xx_hal_uart.o
 .text.UART_DMAAbortOnError
                0x0000000008003996       0x28 Drivers/STM32F4xx_HAL_Driver/Src/stm32f4xx_hal_uart.o
 .text.UART_Transmit_IT
                0x00000000080039be       0xa0 Drivers/STM32F4xx_HAL_Driver/Src/stm32f4xx_hal_uart.o
 .text.UART_EndTransmit_IT
                0x0000000008003a5e       0x30 Drivers/STM32F4xx_HAL_Driver/Src/stm32f4xx_hal_uart.o
 .text.UART_Receive_IT
                0x0000000008003a8e      0x176 Drivers/STM32F4xx_HAL_Driver/Src/stm32f4xx_hal_uart.o
 .text.UART_SetConfig
                0x0000000008003c04      0x390 Drivers/STM32F4xx_HAL_Driver/Src/stm32f4xx_hal_uart.o
 .text.__libc_init_array
                0x0000000008003f94       0x48 c:/st/stm32cubeide_1.6.1/stm32cubeide/plugins/com.st.stm32cube.ide.mcu.externaltools.gnu-tools-for-stm32.9-2020-q2-update.win32_1.5.0.202011040924/tools/bin/../lib/gcc/arm-none-eabi/9.3.1/../../../../arm-none-eabi/lib/thumb/v7e-m+fp/hard\libc_nano.a(lib_a-init.o)
                0x0000000008003f94                __libc_init_array
 .text.memset   0x0000000008003fdc       0x10 c:/st/stm32cubeide_1.6.1/stm32cubeide/plugins/com.st.stm32cube.ide.mcu.externaltools.gnu-tools-for-stm32.9-2020-q2-update.win32_1.5.0.202011040924/tools/bin/../lib/gcc/arm-none-eabi/9.3.1/../../../../arm-none-eabi/lib/thumb/v7e-m+fp/hard\libc_nano.a(lib_a-memset.o)
                0x0000000008003fdc                memset
 *(.glue_7)
 .glue_7        0x0000000008003fec        0x0 linker stubs
 *(.glue_7t)
 .glue_7t       0x0000000008003fec        0x0 linker stubs
 *(.eh_frame)
 .eh_frame      0x0000000008003fec        0x0 c:/st/stm32cubeide_1.6.1/stm32cubeide/plugins/com.st.stm32cube.ide.mcu.externaltools.gnu-tools-for-stm32.9-2020-q2-update.win32_1.5.0.202011040924/tools/bin/../lib/gcc/arm-none-eabi/9.3.1/thumb/v7e-m+fp/hard/crtbegin.o
 *(.init)
 .init          0x0000000008003fec        0x4 c:/st/stm32cubeide_1.6.1/stm32cubeide/plugins/com.st.stm32cube.ide.mcu.externaltools.gnu-tools-for-stm32.9-2020-q2-update.win32_1.5.0.202011040924/tools/bin/../lib/gcc/arm-none-eabi/9.3.1/thumb/v7e-m+fp/hard/crti.o
                0x0000000008003fec                _init
 .init          0x0000000008003ff0        0x8 c:/st/stm32cubeide_1.6.1/stm32cubeide/plugins/com.st.stm32cube.ide.mcu.externaltools.gnu-tools-for-stm32.9-2020-q2-update.win32_1.5.0.202011040924/tools/bin/../lib/gcc/arm-none-eabi/9.3.1/thumb/v7e-m+fp/hard/crtn.o
 *(.fini)
 .fini          0x0000000008003ff8        0x4 c:/st/stm32cubeide_1.6.1/stm32cubeide/plugins/com.st.stm32cube.ide.mcu.externaltools.gnu-tools-for-stm32.9-2020-q2-update.win32_1.5.0.202011040924/tools/bin/../lib/gcc/arm-none-eabi/9.3.1/thumb/v7e-m+fp/hard/crti.o
                0x0000000008003ff8                _fini
 .fini          0x0000000008003ffc        0x8 c:/st/stm32cubeide_1.6.1/stm32cubeide/plugins/com.st.stm32cube.ide.mcu.externaltools.gnu-tools-for-stm32.9-2020-q2-update.win32_1.5.0.202011040924/tools/bin/../lib/gcc/arm-none-eabi/9.3.1/thumb/v7e-m+fp/hard/crtn.o
                0x0000000008004004                . = ALIGN (0x4)
                0x0000000008004004                _etext = .

.vfp11_veneer   0x0000000008004004        0x0
 .vfp11_veneer  0x0000000008004004        0x0 linker stubs

.v4_bx          0x0000000008004004        0x0
 .v4_bx         0x0000000008004004        0x0 linker stubs

.iplt           0x0000000008004004        0x0
 .iplt          0x0000000008004004        0x0 c:/st/stm32cubeide_1.6.1/stm32cubeide/plugins/com.st.stm32cube.ide.mcu.externaltools.gnu-tools-for-stm32.9-2020-q2-update.win32_1.5.0.202011040924/tools/bin/../lib/gcc/arm-none-eabi/9.3.1/thumb/v7e-m+fp/hard/crtbegin.o

.rodata         0x0000000008004004       0x18
                0x0000000008004004                . = ALIGN (0x4)
 *(.rodata)
 *(.rodata*)
 .rodata.AHBPrescTable
                0x0000000008004004       0x10 Core/Src/system_stm32f4xx.o
                0x0000000008004004                AHBPrescTable
 .rodata.APBPrescTable
                0x0000000008004014        0x8 Core/Src/system_stm32f4xx.o
                0x0000000008004014                APBPrescTable
                0x000000000800401c                . = ALIGN (0x4)

.ARM.extab      0x000000000800401c        0x0
                0x000000000800401c                . = ALIGN (0x4)
 *(.ARM.extab* .gnu.linkonce.armextab.*)
                0x000000000800401c                . = ALIGN (0x4)

.ARM            0x000000000800401c        0x8
                0x000000000800401c                . = ALIGN (0x4)
                0x000000000800401c                __exidx_start = .
 *(.ARM.exidx*)
 .ARM.exidx     0x000000000800401c        0x8 c:/st/stm32cubeide_1.6.1/stm32cubeide/plugins/com.st.stm32cube.ide.mcu.externaltools.gnu-tools-for-stm32.9-2020-q2-update.win32_1.5.0.202011040924/tools/bin/../lib/gcc/arm-none-eabi/9.3.1/thumb/v7e-m+fp/hard\libgcc.a(_udivmoddi4.o)
                0x0000000008004024                __exidx_end = .
                0x0000000008004024                . = ALIGN (0x4)

.rel.dyn        0x0000000008004024        0x0
 .rel.iplt      0x0000000008004024        0x0 c:/st/stm32cubeide_1.6.1/stm32cubeide/plugins/com.st.stm32cube.ide.mcu.externaltools.gnu-tools-for-stm32.9-2020-q2-update.win32_1.5.0.202011040924/tools/bin/../lib/gcc/arm-none-eabi/9.3.1/thumb/v7e-m+fp/hard/crtbegin.o

.preinit_array  0x0000000008004024        0x0
                0x0000000008004024                . = ALIGN (0x4)
                0x0000000008004024                PROVIDE (__preinit_array_start = .)
 *(.preinit_array*)
                0x0000000008004024                PROVIDE (__preinit_array_end = .)
                0x0000000008004024                . = ALIGN (0x4)

.init_array     0x0000000008004024        0x4
                0x0000000008004024                . = ALIGN (0x4)
                0x0000000008004024                PROVIDE (__init_array_start = .)
 *(SORT_BY_NAME(.init_array.*))
 *(.init_array*)
 .init_array    0x0000000008004024        0x4 c:/st/stm32cubeide_1.6.1/stm32cubeide/plugins/com.st.stm32cube.ide.mcu.externaltools.gnu-tools-for-stm32.9-2020-q2-update.win32_1.5.0.202011040924/tools/bin/../lib/gcc/arm-none-eabi/9.3.1/thumb/v7e-m+fp/hard/crtbegin.o
                0x0000000008004028                PROVIDE (__init_array_end = .)
                0x0000000008004028                . = ALIGN (0x4)

.fini_array     0x0000000008004028        0x4
                0x0000000008004028                . = ALIGN (0x4)
                [!provide]                        PROVIDE (__fini_array_start = .)
 *(SORT_BY_NAME(.fini_array.*))
 *(.fini_array*)
 .fini_array    0x0000000008004028        0x4 c:/st/stm32cubeide_1.6.1/stm32cubeide/plugins/com.st.stm32cube.ide.mcu.externaltools.gnu-tools-for-stm32.9-2020-q2-update.win32_1.5.0.202011040924/tools/bin/../lib/gcc/arm-none-eabi/9.3.1/thumb/v7e-m+fp/hard/crtbegin.o
                [!provide]                        PROVIDE (__fini_array_end = .)
                0x000000000800402c                . = ALIGN (0x4)
                0x000000000800402c                _sidata = LOADADDR (.data)

.data           0x0000000020000000       0x10 load address 0x000000000800402c
                0x0000000020000000                . = ALIGN (0x4)
                0x0000000020000000                _sdata = .
 *(.data)
 *(.data*)
 .data.Ecu_session
                0x0000000020000000        0x1 Core/Src/main.o
                0x0000000020000000                Ecu_session
 .data.temp     0x0000000020000001        0x1 Core/Src/main.o
                0x0000000020000001                temp
 *fill*         0x0000000020000002        0x2 
 .data.SystemCoreClock
                0x0000000020000004        0x4 Core/Src/system_stm32f4xx.o
                0x0000000020000004                SystemCoreClock
 .data.uwTickPrio
                0x0000000020000008        0x4 Drivers/STM32F4xx_HAL_Driver/Src/stm32f4xx_hal.o
                0x0000000020000008                uwTickPrio
 .data.uwTickFreq
                0x000000002000000c        0x1 Drivers/STM32F4xx_HAL_Driver/Src/stm32f4xx_hal.o
                0x000000002000000c                uwTickFreq
 *(.RamFunc)
 *(.RamFunc*)
                0x0000000020000010                . = ALIGN (0x4)
 *fill*         0x000000002000000d        0x3 
                0x0000000020000010                _edata = .

.igot.plt       0x0000000020000010        0x0 load address 0x000000000800403c
 .igot.plt      0x0000000020000010        0x0 c:/st/stm32cubeide_1.6.1/stm32cubeide/plugins/com.st.stm32cube.ide.mcu.externaltools.gnu-tools-for-stm32.9-2020-q2-update.win32_1.5.0.202011040924/tools/bin/../lib/gcc/arm-none-eabi/9.3.1/thumb/v7e-m+fp/hard/crtbegin.o
                0x0000000020000010                . = ALIGN (0x4)

.bss            0x0000000020000010       0xb0 load address 0x000000000800403c
                0x0000000020000010                _sbss = .
                0x0000000020000010                __bss_start__ = _sbss
 *(.bss)
 .bss           0x0000000020000010       0x1c c:/st/stm32cubeide_1.6.1/stm32cubeide/plugins/com.st.stm32cube.ide.mcu.externaltools.gnu-tools-for-stm32.9-2020-q2-update.win32_1.5.0.202011040924/tools/bin/../lib/gcc/arm-none-eabi/9.3.1/thumb/v7e-m+fp/hard/crtbegin.o
 *(.bss*)
 .bss.ioc_led_override
                0x000000002000002c        0x1 Core/Src/SIGMA_IO_Control.o
 .bss.ioc_buzzer_override
                0x000000002000002d        0x1 Core/Src/SIGMA_IO_Control.o
 .bss.ioc_fan_override
                0x000000002000002e        0x1 Core/Src/SIGMA_IO_Control.o
 .bss.ioc_relay_override
                0x000000002000002f        0x1 Core/Src/SIGMA_IO_Control.o
 .bss.ioc_led_frozen
                0x0000000020000030        0x1 Core/Src/SIGMA_IO_Control.o
 .bss.ioc_buzzer_frozen
                0x0000000020000031        0x1 Core/Src/SIGMA_IO_Control.o
 .bss.ioc_fan_frozen
                0x0000000020000032        0x1 Core/Src/SIGMA_IO_Control.o
 .bss.ioc_relay_frozen
                0x0000000020000033        0x1 Core/Src/SIGMA_IO_Control.o
 .bss.sec_seed  0x0000000020000034        0x2 Core/Src/SIGMA_uds.o
 .bss.sec_seed_sent
                0x0000000020000036        0x1 Core/Src/SIGMA_uds.o
 .bss.sec_attempts
                0x0000000020000037        0x1 Core/Src/SIGMA_uds.o
 .bss.sec_locked
                0x0000000020000038        0x1 Core/Src/SIGMA_uds.o
 *fill*         0x0000000020000039        0x3 
 .bss.sec_timestamp
                0x000000002000003c        0x4 Core/Src/SIGMA_uds.o
 .bss.sec_unlocked
                0x0000000020000040        0x1 Core/Src/SIGMA_uds.o
 .bss.frame_ready
                0x0000000020000041        0x1 Core/Src/main.o
                0x0000000020000041                frame_ready
 *fill*         0x0000000020000042        0x2 
 .bss.frame     0x0000000020000044        0x8 Core/Src/main.o
                0x0000000020000044                frame
 .bss.speed     0x000000002000004c        0x1 Core/Src/main.o
                0x000000002000004c                speed
 .bss.flag      0x000000002000004d        0x1 Core/Src/main.o
                0x000000002000004d                flag
 *(COMMON)
 *fill*         0x000000002000004e        0x2 
 COMMON         0x0000000020000050       0x4c Core/Src/main.o
                0x0000000020000050                tx_buf
                0x0000000020000058                huart2
 COMMON         0x000000002000009c        0x4 Drivers/STM32F4xx_HAL_Driver/Src/stm32f4xx_hal.o
                0x000000002000009c                uwTick
 COMMON         0x00000000200000a0       0x20 Drivers/STM32F4xx_HAL_Driver/Src/stm32f4xx_hal_flash.o
                0x00000000200000a0                pFlash
                0x00000000200000c0                . = ALIGN (0x4)
                0x00000000200000c0                _ebss = .
                0x00000000200000c0                __bss_end__ = _ebss

._user_heap_stack
                0x00000000200000c0      0x600 load address 0x000000000800403c
                0x00000000200000c0                . = ALIGN (0x8)
                [!provide]                        PROVIDE (end = .)
                0x00000000200000c0                PROVIDE (_end = .)
                0x00000000200002c0                . = (. + _Min_Heap_Size)
 *fill*         0x00000000200000c0      0x200 
                0x00000000200006c0                . = (. + _Min_Stack_Size)
 *fill*         0x00000000200002c0      0x400 
                0x00000000200006c0                . = ALIGN (0x8)

/DISCARD/
 libc.a(*)
 libm.a(*)
 libgcc.a(*)

.ARM.attributes
                0x0000000000000000       0x30
 *(.ARM.attributes)
 .ARM.attributes
                0x0000000000000000       0x1e c:/st/stm32cubeide_1.6.1/stm32cubeide/plugins/com.st.stm32cube.ide.mcu.externaltools.gnu-tools-for-stm32.9-2020-q2-update.win32_1.5.0.202011040924/tools/bin/../lib/gcc/arm-none-eabi/9.3.1/thumb/v7e-m+fp/hard/crti.o
 .ARM.attributes
                0x000000000000001e       0x34 c:/st/stm32cubeide_1.6.1/stm32cubeide/plugins/com.st.stm32cube.ide.mcu.externaltools.gnu-tools-for-stm32.9-2020-q2-update.win32_1.5.0.202011040924/tools/bin/../lib/gcc/arm-none-eabi/9.3.1/thumb/v7e-m+fp/hard/crtbegin.o
 .ARM.attributes
                0x0000000000000052       0x34 Core/Src/SIGMA_IO_Control.o
 .ARM.attributes
                0x0000000000000086       0x34 Core/Src/SIGMA_flash.o
 .ARM.attributes
                0x00000000000000ba       0x34 Core/Src/SIGMA_uds.o
 .ARM.attributes
                0x00000000000000ee       0x34 Core/Src/main.o
 .ARM.attributes
                0x0000000000000122       0x34 Core/Src/stm32f4xx_hal_msp.o
 .ARM.attributes
                0x0000000000000156       0x34 Core/Src/stm32f4xx_it.o
 .ARM.attributes
                0x000000000000018a       0x34 Core/Src/system_stm32f4xx.o
 .ARM.attributes
                0x00000000000001be       0x21 Core/Startup/startup_stm32f411retx.o
 .ARM.attributes
                0x00000000000001df       0x34 Drivers/STM32F4xx_HAL_Driver/Src/stm32f4xx_hal.o
 .ARM.attributes
                0x0000000000000213       0x34 Drivers/STM32F4xx_HAL_Driver/Src/stm32f4xx_hal_cortex.o
 .ARM.attributes
                0x0000000000000247       0x34 Drivers/STM32F4xx_HAL_Driver/Src/stm32f4xx_hal_dma.o
 .ARM.attributes
                0x000000000000027b       0x34 Drivers/STM32F4xx_HAL_Driver/Src/stm32f4xx_hal_flash.o
 .ARM.attributes
                0x00000000000002af       0x34 Drivers/STM32F4xx_HAL_Driver/Src/stm32f4xx_hal_flash_ex.o
 .ARM.attributes
                0x00000000000002e3       0x34 Drivers/STM32F4xx_HAL_Driver/Src/stm32f4xx_hal_gpio.o
 .ARM.attributes
                0x0000000000000317       0x34 Drivers/STM32F4xx_HAL_Driver/Src/stm32f4xx_hal_rcc.o
 .ARM.attributes
                0x000000000000034b       0x34 Drivers/STM32F4xx_HAL_Driver/Src/stm32f4xx_hal_uart.o
 .ARM.attributes
                0x000000000000037f       0x34 c:/st/stm32cubeide_1.6.1/stm32cubeide/plugins/com.st.stm32cube.ide.mcu.externaltools.gnu-tools-for-stm32.9-2020-q2-update.win32_1.5.0.202011040924/tools/bin/../lib/gcc/arm-none-eabi/9.3.1/../../../../arm-none-eabi/lib/thumb/v7e-m+fp/hard\libc_nano.a(lib_a-init.o)
 .ARM.attributes
                0x00000000000003b3       0x34 c:/st/stm32cubeide_1.6.1/stm32cubeide/plugins/com.st.stm32cube.ide.mcu.externaltools.gnu-tools-for-stm32.9-2020-q2-update.win32_1.5.0.202011040924/tools/bin/../lib/gcc/arm-none-eabi/9.3.1/../../../../arm-none-eabi/lib/thumb/v7e-m+fp/hard\libc_nano.a(lib_a-memset.o)
 .ARM.attributes
                0x00000000000003e7       0x1e c:/st/stm32cubeide_1.6.1/stm32cubeide/plugins/com.st.stm32cube.ide.mcu.externaltools.gnu-tools-for-stm32.9-2020-q2-update.win32_1.5.0.202011040924/tools/bin/../lib/gcc/arm-none-eabi/9.3.1/thumb/v7e-m+fp/hard\libgcc.a(_aeabi_uldivmod.o)
 .ARM.attributes
                0x0000000000000405       0x34 c:/st/stm32cubeide_1.6.1/stm32cubeide/plugins/com.st.stm32cube.ide.mcu.externaltools.gnu-tools-for-stm32.9-2020-q2-update.win32_1.5.0.202011040924/tools/bin/../lib/gcc/arm-none-eabi/9.3.1/thumb/v7e-m+fp/hard\libgcc.a(_udivmoddi4.o)
 .ARM.attributes
                0x0000000000000439       0x1e c:/st/stm32cubeide_1.6.1/stm32cubeide/plugins/com.st.stm32cube.ide.mcu.externaltools.gnu-tools-for-stm32.9-2020-q2-update.win32_1.5.0.202011040924/tools/bin/../lib/gcc/arm-none-eabi/9.3.1/thumb/v7e-m+fp/hard\libgcc.a(_dvmd_tls.o)
 .ARM.attributes
                0x0000000000000457       0x1e c:/st/stm32cubeide_1.6.1/stm32cubeide/plugins/com.st.stm32cube.ide.mcu.externaltools.gnu-tools-for-stm32.9-2020-q2-update.win32_1.5.0.202011040924/tools/bin/../lib/gcc/arm-none-eabi/9.3.1/thumb/v7e-m+fp/hard/crtn.o
OUTPUT(SIGMA_UDS.elf elf32-littlearm)
LOAD linker stubs
LOAD c:/st/stm32cubeide_1.6.1/stm32cubeide/plugins/com.st.stm32cube.ide.mcu.externaltools.gnu-tools-for-stm32.9-2020-q2-update.win32_1.5.0.202011040924/tools/bin/../lib/gcc/arm-none-eabi/9.3.1/../../../../arm-none-eabi/lib/thumb/v7e-m+fp/hard\libc.a
LOAD c:/st/stm32cubeide_1.6.1/stm32cubeide/plugins/com.st.stm32cube.ide.mcu.externaltools.gnu-tools-for-stm32.9-2020-q2-update.win32_1.5.0.202011040924/tools/bin/../lib/gcc/arm-none-eabi/9.3.1/../../../../arm-none-eabi/lib/thumb/v7e-m+fp/hard\libm.a
LOAD c:/st/stm32cubeide_1.6.1/stm32cubeide/plugins/com.st.stm32cube.ide.mcu.externaltools.gnu-tools-for-stm32.9-2020-q2-update.win32_1.5.0.202011040924/tools/bin/../lib/gcc/arm-none-eabi/9.3.1/thumb/v7e-m+fp/hard\libgcc.a

.debug_info     0x0000000000000000     0xd999
 .debug_info    0x0000000000000000     0x1342 Core/Src/SIGMA_IO_Control.o
 .debug_info    0x0000000000001342      0xc4c Core/Src/SIGMA_flash.o
 .debug_info    0x0000000000001f8e     0x14db Core/Src/SIGMA_uds.o
 .debug_info    0x0000000000003469     0x1798 Core/Src/main.o
 .debug_info    0x0000000000004c01      0xbb3 Core/Src/stm32f4xx_hal_msp.o
 .debug_info    0x00000000000057b4      0x717 Core/Src/stm32f4xx_it.o
 .debug_info    0x0000000000005ecb      0x5d0 Core/Src/system_stm32f4xx.o
 .debug_info    0x000000000000649b       0x22 Core/Startup/startup_stm32f411retx.o
 .debug_info    0x00000000000064bd      0x944 Drivers/STM32F4xx_HAL_Driver/Src/stm32f4xx_hal.o
 .debug_info    0x0000000000006e01      0xe47 Drivers/STM32F4xx_HAL_Driver/Src/stm32f4xx_hal_cortex.o
 .debug_info    0x0000000000007c48      0x9e9 Drivers/STM32F4xx_HAL_Driver/Src/stm32f4xx_hal_dma.o
 .debug_info    0x0000000000008631      0x675 Drivers/STM32F4xx_HAL_Driver/Src/stm32f4xx_hal_flash.o
 .debug_info    0x0000000000008ca6      0x8fd Drivers/STM32F4xx_HAL_Driver/Src/stm32f4xx_hal_flash_ex.o
 .debug_info    0x00000000000095a3      0x862 Drivers/STM32F4xx_HAL_Driver/Src/stm32f4xx_hal_gpio.o
 .debug_info    0x0000000000009e05      0x9be Drivers/STM32F4xx_HAL_Driver/Src/stm32f4xx_hal_rcc.o
 .debug_info    0x000000000000a7c3     0x31d6 Drivers/STM32F4xx_HAL_Driver/Src/stm32f4xx_hal_uart.o

.debug_abbrev   0x0000000000000000     0x2292
 .debug_abbrev  0x0000000000000000      0x292 Core/Src/SIGMA_IO_Control.o
 .debug_abbrev  0x0000000000000292      0x22f Core/Src/SIGMA_flash.o
 .debug_abbrev  0x00000000000004c1      0x2bf Core/Src/SIGMA_uds.o
 .debug_abbrev  0x0000000000000780      0x2d1 Core/Src/main.o
 .debug_abbrev  0x0000000000000a51      0x1b5 Core/Src/stm32f4xx_hal_msp.o
 .debug_abbrev  0x0000000000000c06      0x174 Core/Src/stm32f4xx_it.o
 .debug_abbrev  0x0000000000000d7a      0x145 Core/Src/system_stm32f4xx.o
 .debug_abbrev  0x0000000000000ebf       0x12 Core/Startup/startup_stm32f411retx.o
 .debug_abbrev  0x0000000000000ed1      0x21e Drivers/STM32F4xx_HAL_Driver/Src/stm32f4xx_hal.o
 .debug_abbrev  0x00000000000010ef      0x33c Drivers/STM32F4xx_HAL_Driver/Src/stm32f4xx_hal_cortex.o
 .debug_abbrev  0x000000000000142b      0x219 Drivers/STM32F4xx_HAL_Driver/Src/stm32f4xx_hal_dma.o
 .debug_abbrev  0x0000000000001644      0x27e Drivers/STM32F4xx_HAL_Driver/Src/stm32f4xx_hal_flash.o
 .debug_abbrev  0x00000000000018c2      0x26e Drivers/STM32F4xx_HAL_Driver/Src/stm32f4xx_hal_flash_ex.o
 .debug_abbrev  0x0000000000001b30      0x1f1 Drivers/STM32F4xx_HAL_Driver/Src/stm32f4xx_hal_gpio.o
 .debug_abbrev  0x0000000000001d21      0x275 Drivers/STM32F4xx_HAL_Driver/Src/stm32f4xx_hal_rcc.o
 .debug_abbrev  0x0000000000001f96      0x2fc Drivers/STM32F4xx_HAL_Driver/Src/stm32f4xx_hal_uart.o

.debug_aranges  0x0000000000000000      0x908
 .debug_aranges
                0x0000000000000000       0x58 Core/Src/SIGMA_IO_Control.o
 .debug_aranges
                0x0000000000000058       0x38 Core/Src/SIGMA_flash.o
 .debug_aranges
                0x0000000000000090       0x58 Core/Src/SIGMA_uds.o
 .debug_aranges
                0x00000000000000e8       0x50 Core/Src/main.o
 .debug_aranges
                0x0000000000000138       0x30 Core/Src/stm32f4xx_hal_msp.o
 .debug_aranges
                0x0000000000000168       0x70 Core/Src/stm32f4xx_it.o
 .debug_aranges
                0x00000000000001d8       0x28 Core/Src/system_stm32f4xx.o
 .debug_aranges
                0x0000000000000200       0x28 Core/Startup/startup_stm32f411retx.o
 .debug_aranges
                0x0000000000000228       0xf0 Drivers/STM32F4xx_HAL_Driver/Src/stm32f4xx_hal.o
 .debug_aranges
                0x0000000000000318      0x118 Drivers/STM32F4xx_HAL_Driver/Src/stm32f4xx_hal_cortex.o
 .debug_aranges
                0x0000000000000430       0x90 Drivers/STM32F4xx_HAL_Driver/Src/stm32f4xx_hal_dma.o
 .debug_aranges
                0x00000000000004c0       0xa0 Drivers/STM32F4xx_HAL_Driver/Src/stm32f4xx_hal_flash.o
 .debug_aranges
                0x0000000000000560       0xc8 Drivers/STM32F4xx_HAL_Driver/Src/stm32f4xx_hal_flash_ex.o
 .debug_aranges
                0x0000000000000628       0x58 Drivers/STM32F4xx_HAL_Driver/Src/stm32f4xx_hal_gpio.o
 .debug_aranges
                0x0000000000000680       0x88 Drivers/STM32F4xx_HAL_Driver/Src/stm32f4xx_hal_rcc.o
 .debug_aranges
                0x0000000000000708      0x200 Drivers/STM32F4xx_HAL_Driver/Src/stm32f4xx_hal_uart.o

.debug_ranges   0x0000000000000000      0x840
 .debug_ranges  0x0000000000000000       0x48 Core/Src/SIGMA_IO_Control.o
 .debug_ranges  0x0000000000000048       0x28 Core/Src/SIGMA_flash.o
 .debug_ranges  0x0000000000000070       0x48 Core/Src/SIGMA_uds.o
 .debug_ranges  0x00000000000000b8       0x40 Core/Src/main.o
 .debug_ranges  0x00000000000000f8       0x20 Core/Src/stm32f4xx_hal_msp.o
 .debug_ranges  0x0000000000000118       0x60 Core/Src/stm32f4xx_it.o
 .debug_ranges  0x0000000000000178       0x18 Core/Src/system_stm32f4xx.o
 .debug_ranges  0x0000000000000190       0x20 Core/Startup/startup_stm32f411retx.o
 .debug_ranges  0x00000000000001b0       0xe0 Drivers/STM32F4xx_HAL_Driver/Src/stm32f4xx_hal.o
 .debug_ranges  0x0000000000000290      0x108 Drivers/STM32F4xx_HAL_Driver/Src/stm32f4xx_hal_cortex.o
 .debug_ranges  0x0000000000000398       0x80 Drivers/STM32F4xx_HAL_Driver/Src/stm32f4xx_hal_dma.o
 .debug_ranges  0x0000000000000418       0x90 Drivers/STM32F4xx_HAL_Driver/Src/stm32f4xx_hal_flash.o
 .debug_ranges  0x00000000000004a8       0xb8 Drivers/STM32F4xx_HAL_Driver/Src/stm32f4xx_hal_flash_ex.o
 .debug_ranges  0x0000000000000560       0x48 Drivers/STM32F4xx_HAL_Driver/Src/stm32f4xx_hal_gpio.o
 .debug_ranges  0x00000000000005a8       0x78 Drivers/STM32F4xx_HAL_Driver/Src/stm32f4xx_hal_rcc.o
 .debug_ranges  0x0000000000000620      0x220 Drivers/STM32F4xx_HAL_Driver/Src/stm32f4xx_hal_uart.o

.debug_macro    0x0000000000000000    0x168fe
 .debug_macro   0x0000000000000000      0x2ec Core/Src/SIGMA_IO_Control.o
 .debug_macro   0x00000000000002ec      0xaa8 Core/Src/SIGMA_IO_Control.o
 .debug_macro   0x0000000000000d94       0x22 Core/Src/SIGMA_IO_Control.o
 .debug_macro   0x0000000000000db6       0x22 Core/Src/SIGMA_IO_Control.o
 .debug_macro   0x0000000000000dd8       0x4c Core/Src/SIGMA_IO_Control.o
 .debug_macro   0x0000000000000e24       0x18 Core/Src/SIGMA_IO_Control.o
 .debug_macro   0x0000000000000e3c       0x94 Core/Src/SIGMA_IO_Control.o
 .debug_macro   0x0000000000000ed0       0x3c Core/Src/SIGMA_IO_Control.o
 .debug_macro   0x0000000000000f0c       0x34 Core/Src/SIGMA_IO_Control.o
 .debug_macro   0x0000000000000f40      0x174 Core/Src/SIGMA_IO_Control.o
 .debug_macro   0x00000000000010b4       0x16 Core/Src/SIGMA_IO_Control.o
 .debug_macro   0x00000000000010ca       0x43 Core/Src/SIGMA_IO_Control.o
 .debug_macro   0x000000000000110d       0x57 Core/Src/SIGMA_IO_Control.o
 .debug_macro   0x0000000000001164       0x34 Core/Src/SIGMA_IO_Control.o
 .debug_macro   0x0000000000001198       0x10 Core/Src/SIGMA_IO_Control.o
 .debug_macro   0x00000000000011a8       0x58 Core/Src/SIGMA_IO_Control.o
 .debug_macro   0x0000000000001200       0x71 Core/Src/SIGMA_IO_Control.o
 .debug_macro   0x0000000000001271       0x1c Core/Src/SIGMA_IO_Control.o
 .debug_macro   0x000000000000128d      0x12a Core/Src/SIGMA_IO_Control.o
 .debug_macro   0x00000000000013b7      0x339 Core/Src/SIGMA_IO_Control.o
 .debug_macro   0x00000000000016f0       0x10 Core/Src/SIGMA_IO_Control.o
 .debug_macro   0x0000000000001700       0x35 Core/Src/SIGMA_IO_Control.o
 .debug_macro   0x0000000000001735       0x20 Core/Src/SIGMA_IO_Control.o
 .debug_macro   0x0000000000001755      0x295 Core/Src/SIGMA_IO_Control.o
 .debug_macro   0x00000000000019ea       0x2e Core/Src/SIGMA_IO_Control.o
 .debug_macro   0x0000000000001a18       0x28 Core/Src/SIGMA_IO_Control.o
 .debug_macro   0x0000000000001a40      0x103 Core/Src/SIGMA_IO_Control.o
 .debug_macro   0x0000000000001b43       0x6a Core/Src/SIGMA_IO_Control.o
 .debug_macro   0x0000000000001bad      0x1df Core/Src/SIGMA_IO_Control.o
 .debug_macro   0x0000000000001d8c       0x1c Core/Src/SIGMA_IO_Control.o
 .debug_macro   0x0000000000001da8       0x22 Core/Src/SIGMA_IO_Control.o
 .debug_macro   0x0000000000001dca       0xd9 Core/Src/SIGMA_IO_Control.o
 .debug_macro   0x0000000000001ea3     0x102d Core/Src/SIGMA_IO_Control.o
 .debug_macro   0x0000000000002ed0      0x11f Core/Src/SIGMA_IO_Control.o
 .debug_macro   0x0000000000002fef     0xb953 Core/Src/SIGMA_IO_Control.o
 .debug_macro   0x000000000000e942       0x6d Core/Src/SIGMA_IO_Control.o
 .debug_macro   0x000000000000e9af     0x3666 Core/Src/SIGMA_IO_Control.o
 .debug_macro   0x0000000000012015       0x56 Core/Src/SIGMA_IO_Control.o
 .debug_macro   0x000000000001206b      0x447 Core/Src/SIGMA_IO_Control.o
 .debug_macro   0x00000000000124b2      0x9fe Core/Src/SIGMA_IO_Control.o
 .debug_macro   0x0000000000012eb0      0x116 Core/Src/SIGMA_IO_Control.o
 .debug_macro   0x0000000000012fc6      0x11b Core/Src/SIGMA_IO_Control.o
 .debug_macro   0x00000000000130e1       0xa5 Core/Src/SIGMA_IO_Control.o
 .debug_macro   0x0000000000013186      0x15f Core/Src/SIGMA_IO_Control.o
 .debug_macro   0x00000000000132e5      0x287 Core/Src/SIGMA_IO_Control.o
 .debug_macro   0x000000000001356c       0x5f Core/Src/SIGMA_IO_Control.o
 .debug_macro   0x00000000000135cb      0x236 Core/Src/SIGMA_IO_Control.o
 .debug_macro   0x0000000000013801      0x132 Core/Src/SIGMA_IO_Control.o
 .debug_macro   0x0000000000013933      0x264 Core/Src/SIGMA_IO_Control.o
 .debug_macro   0x0000000000013b97       0x2e Core/Src/SIGMA_IO_Control.o
 .debug_macro   0x0000000000013bc5      0x11a Core/Src/SIGMA_IO_Control.o
 .debug_macro   0x0000000000013cdf       0x85 Core/Src/SIGMA_IO_Control.o
 .debug_macro   0x0000000000013d64       0x89 Core/Src/SIGMA_IO_Control.o
 .debug_macro   0x0000000000013ded      0x295 Core/Src/SIGMA_IO_Control.o
 .debug_macro   0x0000000000014082      0x126 Core/Src/SIGMA_IO_Control.o
 .debug_macro   0x00000000000141a8       0x5e Core/Src/SIGMA_IO_Control.o
 .debug_macro   0x0000000000014206       0x40 Core/Src/SIGMA_IO_Control.o
 .debug_macro   0x0000000000014246       0xe8 Core/Src/SIGMA_IO_Control.o
 .debug_macro   0x000000000001432e      0x34d Core/Src/SIGMA_flash.o
 .debug_macro   0x000000000001467b       0x1c Core/Src/SIGMA_flash.o
 .debug_macro   0x0000000000014697       0x10 Core/Src/SIGMA_flash.o
 .debug_macro   0x00000000000146a7       0x10 Core/Src/SIGMA_flash.o
 .debug_macro   0x00000000000146b7       0x1c Core/Src/SIGMA_flash.o
 .debug_macro   0x00000000000146d3       0x52 Core/Src/SIGMA_flash.o
 .debug_macro   0x0000000000014725       0x22 Core/Src/SIGMA_flash.o
 .debug_macro   0x0000000000014747       0x10 Core/Src/SIGMA_flash.o
 .debug_macro   0x0000000000014757       0x40 Core/Src/SIGMA_flash.o
 .debug_macro   0x0000000000014797       0xd5 Core/Src/SIGMA_flash.o
 .debug_macro   0x000000000001486c       0x1c Core/Src/SIGMA_flash.o
 .debug_macro   0x0000000000014888       0x3d Core/Src/SIGMA_flash.o
 .debug_macro   0x00000000000148c5       0x16 Core/Src/SIGMA_flash.o
 .debug_macro   0x00000000000148db      0x145 Core/Src/SIGMA_flash.o
 .debug_macro   0x0000000000014a20      0x2bc Core/Src/SIGMA_uds.o
 .debug_macro   0x0000000000014cdc      0x2c0 Core/Src/main.o
 .debug_macro   0x0000000000014f9c       0x8e Core/Src/main.o
 .debug_macro   0x000000000001502a       0x51 Core/Src/main.o
 .debug_macro   0x000000000001507b       0xdf Core/Src/main.o
 .debug_macro   0x000000000001515a       0x5c Core/Src/main.o
 .debug_macro   0x00000000000151b6       0x52 Core/Src/main.o
 .debug_macro   0x0000000000015208      0x333 Core/Src/main.o
 .debug_macro   0x000000000001553b      0x1c9 Core/Src/stm32f4xx_hal_msp.o
 .debug_macro   0x0000000000015704      0x1d3 Core/Src/stm32f4xx_it.o
 .debug_macro   0x00000000000158d7      0x1ba Core/Src/system_stm32f4xx.o
 .debug_macro   0x0000000000015a91      0x21a Drivers/STM32F4xx_HAL_Driver/Src/stm32f4xx_hal.o
 .debug_macro   0x0000000000015cab      0x1ba Drivers/STM32F4xx_HAL_Driver/Src/stm32f4xx_hal_cortex.o
 .debug_macro   0x0000000000015e65      0x1c0 Drivers/STM32F4xx_HAL_Driver/Src/stm32f4xx_hal_dma.o
 .debug_macro   0x0000000000016025      0x1c0 Drivers/STM32F4xx_HAL_Driver/Src/stm32f4xx_hal_flash.o
 .debug_macro   0x00000000000161e5      0x1c0 Drivers/STM32F4xx_HAL_Driver/Src/stm32f4xx_hal_flash_ex.o
 .debug_macro   0x00000000000163a5      0x1c0 Drivers/STM32F4xx_HAL_Driver/Src/stm32f4xx_hal_gpio.o
 .debug_macro   0x0000000000016565      0x1de Drivers/STM32F4xx_HAL_Driver/Src/stm32f4xx_hal_rcc.o
 .debug_macro   0x0000000000016743      0x1bb Drivers/STM32F4xx_HAL_Driver/Src/stm32f4xx_hal_uart.o

.debug_line     0x0000000000000000     0xbe97
 .debug_line    0x0000000000000000      0xb37 Core/Src/SIGMA_IO_Control.o
 .debug_line    0x0000000000000b37      0xa1e Core/Src/SIGMA_flash.o
 .debug_line    0x0000000000001555      0xe69 Core/Src/SIGMA_uds.o
 .debug_line    0x00000000000023be      0x95c Core/Src/main.o
 .debug_line    0x0000000000002d1a      0x6e7 Core/Src/stm32f4xx_hal_msp.o
 .debug_line    0x0000000000003401      0x788 Core/Src/stm32f4xx_it.o
 .debug_line    0x0000000000003b89      0x717 Core/Src/system_stm32f4xx.o
 .debug_line    0x00000000000042a0       0x88 Core/Startup/startup_stm32f411retx.o
 .debug_line    0x0000000000004328      0x97d Drivers/STM32F4xx_HAL_Driver/Src/stm32f4xx_hal.o
 .debug_line    0x0000000000004ca5      0xc2c Drivers/STM32F4xx_HAL_Driver/Src/stm32f4xx_hal_cortex.o
 .debug_line    0x00000000000058d1      0xee2 Drivers/STM32F4xx_HAL_Driver/Src/stm32f4xx_hal_dma.o
 .debug_line    0x00000000000067b3      0xa0f Drivers/STM32F4xx_HAL_Driver/Src/stm32f4xx_hal_flash.o
 .debug_line    0x00000000000071c2      0xb21 Drivers/STM32F4xx_HAL_Driver/Src/stm32f4xx_hal_flash_ex.o
 .debug_line    0x0000000000007ce3      0xab7 Drivers/STM32F4xx_HAL_Driver/Src/stm32f4xx_hal_gpio.o
 .debug_line    0x000000000000879a      0xcf9 Drivers/STM32F4xx_HAL_Driver/Src/stm32f4xx_hal_rcc.o
 .debug_line    0x0000000000009493     0x2a04 Drivers/STM32F4xx_HAL_Driver/Src/stm32f4xx_hal_uart.o

.debug_str      0x0000000000000000    0x86a54
 .debug_str     0x0000000000000000    0x834c3 Core/Src/SIGMA_IO_Control.o
                                      0x83875 (size before relaxing)
 .debug_str     0x00000000000834c3     0x108a Core/Src/SIGMA_flash.o
                                      0x83c21 (size before relaxing)
 .debug_str     0x000000000008454d      0x16b Core/Src/SIGMA_uds.o
                                      0x837dc (size before relaxing)
 .debug_str     0x00000000000846b8      0x695 Core/Src/main.o
                                      0x83d3a (size before relaxing)
 .debug_str     0x0000000000084d4d       0x50 Core/Src/stm32f4xx_hal_msp.o
                                      0x80466 (size before relaxing)
 .debug_str     0x0000000000084d9d       0xe4 Core/Src/stm32f4xx_it.o
                                      0x7ffe8 (size before relaxing)
 .debug_str     0x0000000000084e81       0x5b Core/Src/system_stm32f4xx.o
                                      0x7fb39 (size before relaxing)
 .debug_str     0x0000000000084edc       0x36 Core/Startup/startup_stm32f411retx.o
                                         0x6c (size before relaxing)
 .debug_str     0x0000000000084f12      0x58d Drivers/STM32F4xx_HAL_Driver/Src/stm32f4xx_hal.o
                                      0x804c3 (size before relaxing)
 .debug_str     0x000000000008549f      0x393 Drivers/STM32F4xx_HAL_Driver/Src/stm32f4xx_hal_cortex.o
                                      0x802a0 (size before relaxing)
 .debug_str     0x0000000000085832      0x322 Drivers/STM32F4xx_HAL_Driver/Src/stm32f4xx_hal_dma.o
                                      0x7ff51 (size before relaxing)
 .debug_str     0x0000000000085b54      0x2a9 Drivers/STM32F4xx_HAL_Driver/Src/stm32f4xx_hal_flash.o
                                      0x7fd12 (size before relaxing)
 .debug_str     0x0000000000085dfd      0x2e5 Drivers/STM32F4xx_HAL_Driver/Src/stm32f4xx_hal_flash_ex.o
                                      0x7fe4b (size before relaxing)
 .debug_str     0x00000000000860e2      0x12c Drivers/STM32F4xx_HAL_Driver/Src/stm32f4xx_hal_gpio.o
                                      0x7fce0 (size before relaxing)
 .debug_str     0x000000000008620e      0x24e Drivers/STM32F4xx_HAL_Driver/Src/stm32f4xx_hal_rcc.o
                                      0x7ff3b (size before relaxing)
 .debug_str     0x000000000008645c      0x5f8 Drivers/STM32F4xx_HAL_Driver/Src/stm32f4xx_hal_uart.o
                                      0x804af (size before relaxing)

.comment        0x0000000000000000       0x53
 .comment       0x0000000000000000       0x53 Core/Src/SIGMA_IO_Control.o
                                         0x54 (size before relaxing)
 .comment       0x0000000000000053       0x54 Core/Src/SIGMA_flash.o
 .comment       0x0000000000000053       0x54 Core/Src/SIGMA_uds.o
 .comment       0x0000000000000053       0x54 Core/Src/main.o
 .comment       0x0000000000000053       0x54 Core/Src/stm32f4xx_hal_msp.o
 .comment       0x0000000000000053       0x54 Core/Src/stm32f4xx_it.o
 .comment       0x0000000000000053       0x54 Core/Src/system_stm32f4xx.o
 .comment       0x0000000000000053       0x54 Drivers/STM32F4xx_HAL_Driver/Src/stm32f4xx_hal.o
 .comment       0x0000000000000053       0x54 Drivers/STM32F4xx_HAL_Driver/Src/stm32f4xx_hal_cortex.o
 .comment       0x0000000000000053       0x54 Drivers/STM32F4xx_HAL_Driver/Src/stm32f4xx_hal_dma.o
 .comment       0x0000000000000053       0x54 Drivers/STM32F4xx_HAL_Driver/Src/stm32f4xx_hal_flash.o
 .comment       0x0000000000000053       0x54 Drivers/STM32F4xx_HAL_Driver/Src/stm32f4xx_hal_flash_ex.o
 .comment       0x0000000000000053       0x54 Drivers/STM32F4xx_HAL_Driver/Src/stm32f4xx_hal_gpio.o
 .comment       0x0000000000000053       0x54 Drivers/STM32F4xx_HAL_Driver/Src/stm32f4xx_hal_rcc.o
 .comment       0x0000000000000053       0x54 Drivers/STM32F4xx_HAL_Driver/Src/stm32f4xx_hal_uart.o

.debug_frame    0x0000000000000000     0x2328
 .debug_frame   0x0000000000000000      0x134 Core/Src/SIGMA_IO_Control.o
 .debug_frame   0x0000000000000134       0xa8 Core/Src/SIGMA_flash.o
 .debug_frame   0x00000000000001dc      0x130 Core/Src/SIGMA_uds.o
 .debug_frame   0x000000000000030c       0xf4 Core/Src/main.o
 .debug_frame   0x0000000000000400       0x7c Core/Src/stm32f4xx_hal_msp.o
 .debug_frame   0x000000000000047c      0x13c Core/Src/stm32f4xx_it.o
 .debug_frame   0x00000000000005b8       0x58 Core/Src/system_stm32f4xx.o
 .debug_frame   0x0000000000000610      0x374 Drivers/STM32F4xx_HAL_Driver/Src/stm32f4xx_hal.o
 .debug_frame   0x0000000000000984      0x498 Drivers/STM32F4xx_HAL_Driver/Src/stm32f4xx_hal_cortex.o
 .debug_frame   0x0000000000000e1c      0x250 Drivers/STM32F4xx_HAL_Driver/Src/stm32f4xx_hal_dma.o
 .debug_frame   0x000000000000106c      0x274 Drivers/STM32F4xx_HAL_Driver/Src/stm32f4xx_hal_flash.o
 .debug_frame   0x00000000000012e0      0x334 Drivers/STM32F4xx_HAL_Driver/Src/stm32f4xx_hal_flash_ex.o
 .debug_frame   0x0000000000001614      0x14c Drivers/STM32F4xx_HAL_Driver/Src/stm32f4xx_hal_gpio.o
 .debug_frame   0x0000000000001760      0x1f0 Drivers/STM32F4xx_HAL_Driver/Src/stm32f4xx_hal_rcc.o
 .debug_frame   0x0000000000001950      0x92c Drivers/STM32F4xx_HAL_Driver/Src/stm32f4xx_hal_uart.o
 .debug_frame   0x000000000000227c       0x2c c:/st/stm32cubeide_1.6.1/stm32cubeide/plugins/com.st.stm32cube.ide.mcu.externaltools.gnu-tools-for-stm32.9-2020-q2-update.win32_1.5.0.202011040924/tools/bin/../lib/gcc/arm-none-eabi/9.3.1/../../../../arm-none-eabi/lib/thumb/v7e-m+fp/hard\libc_nano.a(lib_a-init.o)
 .debug_frame   0x00000000000022a8       0x20 c:/st/stm32cubeide_1.6.1/stm32cubeide/plugins/com.st.stm32cube.ide.mcu.externaltools.gnu-tools-for-stm32.9-2020-q2-update.win32_1.5.0.202011040924/tools/bin/../lib/gcc/arm-none-eabi/9.3.1/../../../../arm-none-eabi/lib/thumb/v7e-m+fp/hard\libc_nano.a(lib_a-memset.o)
 .debug_frame   0x00000000000022c8       0x2c c:/st/stm32cubeide_1.6.1/stm32cubeide/plugins/com.st.stm32cube.ide.mcu.externaltools.gnu-tools-for-stm32.9-2020-q2-update.win32_1.5.0.202011040924/tools/bin/../lib/gcc/arm-none-eabi/9.3.1/thumb/v7e-m+fp/hard\libgcc.a(_aeabi_uldivmod.o)
 .debug_frame   0x00000000000022f4       0x34 c:/st/stm32cubeide_1.6.1/stm32cubeide/plugins/com.st.stm32cube.ide.mcu.externaltools.gnu-tools-for-stm32.9-2020-q2-update.win32_1.5.0.202011040924/tools/bin/../lib/gcc/arm-none-eabi/9.3.1/thumb/v7e-m+fp/hard\libgcc.a(_udivmoddi4.o)
